// Jest Snapshot v1, https://goo.gl/fbAQLP

exports[`Pruebas en <JournalEntry /> debe de mostrarse correctamente  1`] = `
<div
  className="journal__entry pointer animate__animated animate__fadeIn animate__faster"
  onClick={[Function]}
>
  <div
    className="journal__entry-body"
  >
    <p
      className="journal__entry-title"
    />
    <p
      className="journal__entry-content"
    />
  </div>
  <div
    className="journal__entry-date-box"
  >
    <span>
      Monday
    </span>
    <h4>
      20th
    </h4>
  </div>
</div>
`;
