// Jest Snapshot v1, https://goo.gl/fbAQLP

exports[`Pruebas en componente <HeroScreen /> debe de mostar el componente redirect si no hay argumentos en el URL 1`] = `
<div
  className="row mt-5"
>
  <div
    className="col-4"
  >
    <img
      className="img-thumbnail animate__animated animate__fadeInLeft"
      src="../assets/heroes/undefined.jpg"
    />
  </div>
  <div
    className="col-8"
  >
    <h3>
       
       
    </h3>
    <ul
      className="list-group list-group-flush"
    >
      <li
        className="list-group-item"
      >
         
        <b>
          Alter ego:
        </b>
         
         
      </li>
      <li
        className="list-group-item"
      >
         
        <b>
          Publisher:
        </b>
         
         
      </li>
      <li
        className="list-group-item"
      >
         
        <b>
          First appearence:
        </b>
         
         
      </li>
    </ul>
    <h5>
       Characters 
    </h5>
    <p>
       
       
    </p>
    <button
      className="btn btn-outline-info"
      onClick={[Function]}
    >
      Return
    </button>
  </div>
</div>
`;
